🔍 Gemini 모델 테스트 시작...
[gemini-2.0-flash] 테스트 중...
  ✅ 성공! (Okay, I'm )
[gemini-1.5-flash] 테스트 중...
  ❌ 실패: [GoogleGenerativeAI Error]: Error fetching from https://generativelanguage.googleapis.com/v1beta/models/gemini-1.5-flash:generateContent: [404 Not Found] models/gemini-1.5-flash is not found for API version v1beta, or is not supported for generateContent. Call ListModels to see the list of available models and their supported methods.
[gemini-1.5-flash-8b] 테스트 중...
  ❌ 실패: [GoogleGenerativeAI Error]: Error fetching from https://generativelanguage.googleapis.com/v1beta/models/gemini-1.5-flash-8b:generateContent: [404 Not Found] models/gemini-1.5-flash-8b is not found for API version v1beta, or is not supported for generateContent. Call ListModels to see the list of available models and their supported methods.
[gemini-1.5-pro] 테스트 중...
  ❌ 실패: [GoogleGenerativeAI Error]: Error fetching from https://generativelanguage.googleapis.com/v1beta/models/gemini-1.5-pro:generateContent: [404 Not Found] models/gemini-1.5-pro is not found for API version v1beta, or is not supported for generateContent. Call ListModels to see the list of available models and their supported methods.
[gemini-pro] 테스트 중...
  ❌ 실패: [GoogleGenerativeAI Error]: Error fetching from https://generativelanguage.googleapis.com/v1beta/models/gemini-pro:generateContent: [404 Not Found] models/gemini-pro is not found for API version v1beta, or is not supported for generateContent. Call ListModels to see the list of available models and their supported methods.
[gemini-1.0-pro] 테스트 중...
  ❌ 실패: [GoogleGenerativeAI Error]: Error fetching from https://generativelanguage.googleapis.com/v1beta/models/gemini-1.0-pro:generateContent: [404 Not Found] models/gemini-1.0-pro is not found for API version v1beta, or is not supported for generateContent. Call ListModels to see the list of available models and their supported methods.

결과: gemini-2.0-flash 모델이 작동합니다.